// Jest Snapshot v1, https://goo.gl/fbAQLP

exports[`Styled button works Can make clear button 1`] = `undefined`;

exports[`Styled button works Renders text 1`] = `undefined`;
