// Jest Snapshot v1, https://goo.gl/fbAQLP

exports[`CommentCreator Display correct user name 1`] = `undefined`;
