// Jest Snapshot v1, https://goo.gl/fbAQLP

exports[`Comment Display basic comment data 1`] = `undefined`;
