// Jest Snapshot v1, https://goo.gl/fbAQLP

exports[`Sign up modal User area should display log in and sign up buttons by default 1`] = `undefined`;

exports[`Sign up modal without user User area should display log in and sign up buttons by default 1`] = `undefined`;
