// Jest Snapshot v1, https://goo.gl/fbAQLP

exports[`Post creator page Post starts highlighted 1`] = `undefined`;
