// Jest Snapshot v1, https://goo.gl/fbAQLP

exports[`Post previews Given an imageUrl display it 1`] = `undefined`;

exports[`Post previews Render text if given one 1`] = `undefined`;

exports[`Post previews Render title and basic info 1`] = `undefined`;
