// Jest Snapshot v1, https://goo.gl/fbAQLP

exports[`Subreddit display Render subreddit info 1`] = `undefined`;
